// Jest Snapshot v1, https://goo.gl/fbAQLP

exports[`HabitAddForm Render Snapshot Test 1`] = `[Function]`;
